// Jest Snapshot v1, https://goo.gl/fbAQLP

exports[`components/ButtonGrid Renders and matches snapshot 1`] = `
<div
  className="wrapper"
  style={
    Object {
      "gridTemplateColumns": "repeat(4, 1fr)",
    }
  }
>
  <button
    className="selected"
    disabled={true}
    key="vFoo"
    onClick={[Function]}
  >
    Foo
  </button>
  <button
    className="selected"
    key="vBar"
    onClick={[Function]}
  >
    Bar
  </button>
  <button
    className=""
    key="vBaz"
    onClick={[Function]}
  >
    Baz
  </button>
  <button
    className=""
    disabled={true}
    key="vQux"
    onClick={[Function]}
  >
    Qux
  </button>
</div>
`;
