// Jest Snapshot v1, https://goo.gl/fbAQLP

exports[`App App matches snapshot 1`] = `
<Connect(ConnectedRouterWithContext)
  history={
    Object {
      "action": "POP",
      "block": [Function],
      "createHref": [Function],
      "go": [Function],
      "goBack": [Function],
      "goForward": [Function],
      "length": 1,
      "listen": [Function],
      "location": Object {
        "hash": "",
        "pathname": "/",
        "search": "",
        "state": undefined,
      },
      "push": [Function],
      "replace": [Function],
    }
  }
>
  <div>
    <Switch>
      <Route
        path="/login"
      >
        <Connect(LoginForm) />
      </Route>
      <Route
        path="/"
      />
    </Switch>
  </div>
</Connect(ConnectedRouterWithContext)>
`;
